"MAP","Map Table Start Address","0x11D4"
"MAP","Unknown","0x1312"
"MAP","Unknown","0x1149"
"MAP","(name unknown for 0)","0x12A0"
"MAP","AFM NTC linearization","0x12A6"
"MAP","Start rpm threshold: coolant temp dependent","0x1447"
"MAP","timing: idle: coolant temp adj: cat","0x13BC"
"MAP","timing: idle: coolant temp adj: no cat","0x17D8"
"MAP","timing: idle: coolant temp adj: no cat with lambda","0x19F0"
"MAP","timing: idle: rpm adj: cat low temp","0x13AC"
"MAP","timing: idle: rpm adj: no cat","0x17C8"
"MAP","timing: idle: rpm adj: no cat with lambda","0x19E0"
"MAP","timing: full: coolant temp adj","0x13A2"
"MAP","timing: full & part: air temp adj","0x1398"
"MAP","timing: full: rpm adj: cat","0x1376"
"MAP","timing: full: rpm adj: no cat","0x17A6"
"MAP","timing: full: rpm adj: no cat with lambda","0x19BE"
"MAP","timing: part: coolant temp adj: cat","0x13C4"
"MAP","timing: part: coolant temp adj: no cat","0x17E0"
"MAP","timing: part: coolant temp adj: no cat with lambda","0x19F8"
"MAP","timing: part: rpm adj: cat","0x12CA"
"MAP","timing: part: rpm adj: no cat","0x16FA"
"MAP","timing: part: rpm adj: no cat with lambda","0x1912"
"MAP","Injector opening time: correction for battery voltage","0x1598"
"MAP","Load Filter Coefficient","0x159E"
"MAP","fuel: accel enrichment: at less than 2480rpm: AFM delta","0x15DB"
"MAP","fuel: accel enrichment: at less than 2480rpm: coolant t","0x15D3"
"MAP","fuel: accel enrichment: at less than 2480rpm: coolant t","0x18DA"
"MAP","fuel: accel enrichment: at less than 2480rpm: coolant t","0x1AF2"
"MAP","fuel: accel enrichment: AFM delta adj","0x15AC"
"MAP","fuel: accel enrichment: coolant temp adj: cat","0x15B2"
"MAP","fuel: accel enrichment: coolant temp adj: no cat","0x18D0"
"MAP","fuel: accel enrichment: coolant temp adj: no cat with l","0x1AE8"
"MAP","fuel: accel enrichment: rpm and load adj","0x15BC"
"MAP","Low rpm limit for coasting: coolant temp dependent","0x144F"
"MAP","fuel: after start enrichment for cold engine: coolant t","0x1566"
"MAP","fuel: after start enrichment for warm engine: air temp","0x1570"
"MAP","fuel: air temp correction","0x145B"
"MAP","fuel: warm-up enrichment: coolant temp dependent: cat","0x1465"
"MAP","fuel: warm-up enrichment: coolant temp dependent: no ca","0x17E8"
"MAP","fuel: warm-up enrichment: coolant temp dependent: no ca","0x1A00"
"MAP","fuel: part and full: rpm and load adj","0x1473"
"MAP","fuel: idle: rpm adj","0x1486"
"MAP","fuel: power enrichment: idle: rpm dependent: cat","0x1538"
"MAP","fuel: power enrichment: idle: rpm dependent: no cat","0x18A2"
"MAP","fuel: power enrichment: idle: rpm dependent: no cat wit","0x1ABA"
"MAP","idle speed: target rpm while cranking/starting: coolant","0x15E5"
"MAP","idle speed: target rpm when ADC 5 flag is set: coolant","0x15EF"
"MAP","idle speed: target rpm","0x15F9"
"MAP","idle speed: below target rpm:","0x1601"
"MAP","idle speed: above target rpm:","0x160B"
"MAP","idle speed: below target rpm:","0x1615"
"MAP","idle speed: correction for fuel cut","0x161F"
"MAP","idle speed: base pulse width delta?","0x1629"
"MAP","timing: dwell angle","0x13DC"
"MAP","lambda: standard: unchanged","0x1659"
"MAP","lambda: standard: lean","0x1694"
"MAP","lambda: standard: not lean","0x16BA"
"MAP","lambda: strict (Code 1): not lean","0x18EC"
"MAP","Overboost protection","0x16E0"
"MAP","timing: rpm adj","0x12C0"
"MAP","timing advance: start: correction for rpm","0x13CC"
"MAP","timing advance: start: correction for coolant temp","0x13D4"
"MAP","fuel: power enrichment: full: rpm dependent: cat","0x1544"
"MAP","fuel: power enrichment: full: rpm dependent: no cat","0x18AE"
"MAP","fuel: power enrichment: full: rpm dependent: no cat wit","0x1AC6"
"MAP","fuel: power enrichment: partial: rpm & load dependent:","0x148C"
"MAP","fuel: power enrichment: partial: rpm & load dependent:","0x17F6"
"MAP","fuel: power enrichment: partial: rpm & load dependent:","0x1A0E"
"MAP","fuel: start: coolant temp adj?","0x157A"
"MAP","fuel: start: coolant temp to rpm?","0x1584"
"MAP","fuel: start: depends on I4D: gives?","0x158A"
"MAP","fuel: start: rpm to ?","0x1590"
"MAP","idle speed: depends on coolant temp returns load: cat","0x164F"
"MAP","idle speed: depends on coolant temp returns load: no c","0x18E2"
"MAP","idle speed: depends on coolant temp returns load: no c","0x1AFA"
"FIXED","AFM TABLE 3","0x104"
"FIXED","CONST REV LIMIT","0x171"
"FIXED","table FQS Fuel Scaling","0x17B"
"FIXED","CONST FQS Timing","0x182"
"FIXED","CONST Idle when A/C ON","0x199"
"FIXED","const RPM Limit for Closed Loop","0x1AB"
"FIXED","const high alt","0x1CB"
"FIXED","table Part-Throttle Timing","0x2E6"
"FIXED","table Ignition Dwell Timing","0x3F3"
"FIXED","Table Part-Throttle Fueling Map","0x4A8"
"FIXED","const injector dead time","0x59C"
"FIXED","AFM Transfer Function Table 1","0xF4"
"FIXED","AFM Transfer Function Table 2","0xFC"
